node.exe : ΓÜá Warning: Next.js inferred your 
workspace root, but it may not be correct.
At line:1 char:1
+ & "C:\Program Files\nodejs/node.exe" 
"C:\Program Files\nodejs/node_mo ...
+ ~~~~~~~~~~~~~~~~~~~~~~~~~~~~~~~~~~~~~~~~~~~~~~~
~~~~~~~~~~~~~~~~~~~~~~
    + CategoryInfo          : NotSpecified: (ΓÜá 
    Warning: Ne...not be correct.:String) [], R  
  emoteException
    + FullyQualifiedErrorId : NativeCommandError
 
 We detected multiple lockfiles and selected the 
directory of D:\Eric\App\Heroic AI 
RPG\package-lock.json as the root directory.
 To silence this warning, set `turbopack.root` 
in your Next.js config, or consider removing one 
of the lockfiles if it's not needed.
   See https://nextjs.org/docs/app/api-reference/
config/next-config-js/turbopack#root-directory 
for more information.
 Detected additional lockfiles: 
   * D:\Eric\App\Heroic AI 
RPG\heroic-ai-rpg\package-lock.json

Γû▓ Next.js 16.1.6 (Turbopack)
- Environments: .env.local, .env

ΓÜá The "middleware" file convention is 
deprecated. Please use "proxy" instead. Learn 
more: https://nextjs.org/docs/messages/middleware
-to-proxy
  Creating an optimized production build ...
Γ£ô Compiled successfully in 5.6s
  Running TypeScript ...
Failed to compile.

./src/hooks/combat/useCombatGeneration.ts:95:84
Type error: Property 'cr' does not exist on type 
'ActorSuggestion'.

[0m [90m 93 |[39m             }
 [90m 94 |[39m
[31m[1m>[22m[39m[90m 95 |[39m             
[36mconst[39m params [33m=[39m getDifficultyP
arams(suggestion[33m.[39mdifficulty 
[33m||[39m suggestion[33m.[39mcr[33m?[39m[
33m.[39mtoString() [33m||[39m 
[32m'Normal'[39m[33m,[39m 
playerLevel)[33m;[39m
 [90m    |[39m                                 
                                                 
  [31m[1m^[22m[39m
 [90m 96 |[39m
 [90m 97 |[39m             [36mconst[39m 
lowerName [33m=[39m 
finalName[33m.[39mtoLowerCase()[33m;[39m
 [90m 98 |[39m             [36mif[39m (lowerN
ame[33m.[39mincludes([32m'replace'[39m) 
[33m||[39m lowerName[33m.[39mincludes([32m'u
nknown'[39m) [33m||[39m 
lowerName[33m.[39mincludes([32m'['[39m) 
[33m||[39m lowerName[33m.[39mtrim() 
[33m===[39m [32m''[39m) {[0m
Next.js build worker exited with code: 1 and 
signal: null
